=== LOGIN TEST ===

Step 1: Finding admin user...
Γ£ô Found admin user: Admin User
  ID: 1
  Email: admin@example.com

Step 2: Testing password verification...
  Test password: password
  Password hash (first 30 chars): $2y$12$oit4/K02sFTeKIH.Oo8.5u9...
  Hash matches: Γ£ô YES

Step 3: Generating API token...
  Raw token (first 30 chars): zfG8iOhpGKAUWikibMIzuLA1BT6AZd...
  Hashed token (first 30 chars): 45b5b8f61e028ff1b8c745ffd194f2...

Step 4: Saving token to database...
  Γ£ô Token saved

Step 5: Verifying token was saved...
  Γ£ô Token verified in database

Step 6: Testing token retrieval...
  Γ£ô User retrieved by token hash
  Retrieved user: Admin User

=== LOGIN TEST SUCCESSFUL ===

Login JSON response would be:
{
    "success": true,
    "message": "Login successful",
    "token": "zfG8iOhpGKAUWikibMIzuLA1BT6AZdwXWSFO0zhKyQRzD4XzTZPwXyEVhAT3UcrSCpVdnom2IknJUa8C",
    "user": {
        "id": 1,
        "name": "Admin User",
        "email": "admin@example.com",
        "email_verified_at": "2026-03-31T16:16:01.000000Z",
        "created_at": "2026-03-31T16:16:02.000000Z",
        "updated_at": "2026-03-31T16:19:20.000000Z",
        "user_type": "admin"
    }
}
